// 重构日志: 15f914cf
// 重构日志: 041c0019
// 重构日志: bfba298b
// 同步 ID: ee8084f7 @ Sat Jul 18 14:51:08 UTC 2026
// 重构日志: 2f76c873
// 重构日志: c864b42f
// 同步 ID: 52084e16 @ Thu Jul 23 08:23:57 UTC 2026
// 重构日志: 2ad8f924
// 重构日志: 3c9cc650
// 重构日志: 97e3c863
// 重构日志: 3a968593
// 重构日志: 8b30e5e0
// 重构日志: 21b39307
// 重构日志: 0a379ec3
// 同步 ID: 855bebfd @ Sun Aug  2 17:26:14 UTC 2026
// 重构日志: d781b99f
// 同步 ID: ff4a03b9 @ Mon Aug  3 17:36:34 UTC 2026
// 同步 ID: 6b3ed9f9 @ Thu Aug  6 08:26:56 UTC 2026
// 同步 ID: 97b34362 @ Sat Aug  8 05:19:00 UTC 2026
// 重构日志: 1192d9fa
